Processing pico (platform: https://github.com/maxgerhardt/platform-raspberrypi.git; board: pico; framework: arduino; board_build.core: earlephilhower; board_build.filesystem_size: 0.5m; platform_packages: maxgerhardt/framework-arduinopico@https://github.com/earlephilhower/arduino-pico.git, maxgerhardt/toolchain-pico@https://github.com/earlephilhower/pico-quick-toolchain/releases/download/1.3.1-a/x86_64-w64-mingw32.arm-none-eabi-7855b0c.210706.zip; lib_deps: thomasfredericks/Bounce2@^2.71, adafruit/Adafruit seesaw Library@^1.6.0, adafruit/Adafruit BusIO@^1.11.3, Wire, SPI; lib_ldf_mode: chain+)
--------------------------------------------------------------------------------
CONFIGURATION: https://docs.platformio.org/page/boards/raspberrypi/pico.html
PLATFORM: Raspberry Pi RP2040 (1.5.0+sha.e920ef3) (git+https://github.com/maxgerhardt/platform-raspberrypi.git) > Raspberry Pi Pico
HARDWARE: RP2040 133MHz, 264KB RAM, 2MB Flash
DEBUG: Current (cmsis-dap) External (cmsis-dap, jlink, picoprobe, raspberrypi-swd)
PACKAGES: 
 - framework-arduinopico 1.11301.0+sha.9971bda (git+https://github.com/earlephilhower/arduino-pico.git) 
 - tool-rp2040tools 1.0.2 
 - toolchain-pico 5.100300.210706 (10.3.0, https://github.com/earlephilhower/pico-quick-toolchain/releases/download/1.3.1-a/x86_64-w64-mingw32.arm-none-eabi-7855b0c.210706.zip)
Flash size: 2.00MB
Sketch size: 1.50MB
Filesystem size: 0.50MB
Maximium size: 1568768 Flash Length: 1568768 EEPROM Start: 270528512 Filesystem start 270004224 Filesystem end 270528512
LDF: Library Dependency Finder -> https://bit.ly/configure-pio-ldf
LDF Modes: Finder ~ chain+, Compatibility ~ soft
pio : Ignored library C:\Users\arvid\.platformio\packages\framework-arduinopico\libraries\Adafruit_TinyUSB_Arduino
In Zeile:1 Zeichen:1
+ pio run -v > compile.log 2>&1
+ ~~~~~~~~~~~~~~~~~~~~~~~~~~~~~
    + CategoryInfo          : NotSpecified: (Ignored library...TinyUSB_Arduino:String) [], RemoteException
    + FullyQualifiedErrorId : NativeCommandError
 
More details about "Library Compatibility Mode": https://docs.platformio.org/page/librarymanager/ldf.html#ldf-compat-mode
Found 21 compatible libraries
Scanning dependencies...
Dependency Graph
|-- <Bounce2> 2.71.0 (D:\GitHub\Pico-Macropad\.pio\libdeps\pico\Bounce2)
|-- <Adafruit seesaw Library> 1.6.0 (D:\GitHub\Pico-Macropad\.pio\libdeps\pico\Adafruit seesaw Library)
|   |-- <Adafruit BusIO> 1.11.3 (D:\GitHub\Pico-Macropad\.pio\libdeps\pico\Adafruit BusIO)
|   |   |-- <Wire> 1.0 (C:\Users\arvid\.platformio\packages\framework-arduinopico\libraries\Wire)
|   |   |-- <SPI> 1.0 (C:\Users\arvid\.platformio\packages\framework-arduinopico\libraries\SPI)
|   |-- <Wire> 1.0 (C:\Users\arvid\.platformio\packages\framework-arduinopico\libraries\Wire)
|-- <Adafruit BusIO> 1.11.3 (D:\GitHub\Pico-Macropad\.pio\libdeps\pico\Adafruit BusIO)
|   |-- <Wire> 1.0 (C:\Users\arvid\.platformio\packages\framework-arduinopico\libraries\Wire)
|   |-- <SPI> 1.0 (C:\Users\arvid\.platformio\packages\framework-arduinopico\libraries\SPI)
|-- <Wire> 1.0 (C:\Users\arvid\.platformio\packages\framework-arduinopico\libraries\Wire)
|-- <SPI> 1.0 (C:\Users\arvid\.platformio\packages\framework-arduinopico\libraries\SPI)
Building in release mode
arm-none-eabi-gcc -I C:\Users\arvid\.platformio\packages\framework-arduinopico\pico-sdk\src\rp2040\hardware_regs\include -I C:\Users\arvid\.platformio\packages\framework-arduinopico\pico-sdk\src\common\pico_binary_info\include -DPLATFORMIO=50205 -DARDUINO_RASPBERRY_PI_PICO -DARDUINO_ARCH_RP2040 -DUSBD_MAX_POWER_MA=500 -DARDUINO=10810 -DARDUINO_ARCH_RP2040 -DF_CPU=133000000L -DBOARD_NAME=\"pico\" -DCFG_TUSB_MCU=OPT_MCU_RP2040 -DUSB_VID=0x2e8a -DUSB_PID=0x000a "-DUSB_MANUFACTURER=\"Raspberry Pi\"" -DUSB_PRODUCT=\"Pico\" -DSERIALUSB_PID=0x000a -IC:\Users\arvid\.platformio\packages\framework-arduinopico\cores\rp2040 -IC:\Users\arvid\.platformio\packages\framework-arduinopico\cores\rp2040\api\deprecated -IC:\Users\arvid\.platformio\packages\framework-arduinopico\cores\rp2040\api\deprecated-avr-comp -IC:\Users\arvid\.platformio\packages\framework-arduinopico\tools\libpico -IC:\Users\arvid\.platformio\packages\framework-arduinopico\variants\rpipico -c -o .pio\build\pico\FrameworkArduinoBootloader\boot2_w25q080_2_padded_checksum.S.o C:\Users\arvid\.platformio\packages\framework-arduinopico\boot2\boot2_w25q080_2_padded_checksum.S
"C:\Users\arvid\.platformio\penv\Scripts\python.exe" "C:\Users\arvid\.platformio\packages\framework-arduinopico\tools\simplesub.py" --input C:\Users\arvid\.platformio\packages\framework-arduinopico\lib\memmap_default.ld --out .pio\build\pico\memmap_default.ld --sub __FLASH_LENGTH__ 1568768 --sub __EEPROM_START__ 270528512 --sub __FS_START__ 270004224 --sub __FS_END__ 270528512 --sub __RAM_LENGTH__ 256k
arm-none-eabi-g++ -o .pio\build\pico\libf72\Bounce2\Bounce2.cpp.o -c -std=gnu++17 -fno-exceptions -fno-rtti -Werror=return-type -march=armv6-m -mcpu=cortex-m0plus -mthumb -ffunction-sections -fdata-sections -iprefixC:\Users\arvid\.platformio\packages\framework-arduinopico @C:\Users\arvid\.platformio\packages\framework-arduinopico\lib\platform_inc.txt -DPLATFORMIO=50205 -DARDUINO_RASPBERRY_PI_PICO -DARDUINO_ARCH_RP2040 -DUSBD_MAX_POWER_MA=500 -DARDUINO=10810 -DARDUINO_ARCH_RP2040 -DF_CPU=133000000L -DBOARD_NAME=\"pico\" -DCFG_TUSB_MCU=OPT_MCU_RP2040 -DUSB_VID=0x2e8a -DUSB_PID=0x000a "-DUSB_MANUFACTURER=\"Raspberry Pi\"" -DUSB_PRODUCT=\"Pico\" -DSERIALUSB_PID=0x000a -I.pio\libdeps\pico\Bounce2\src -IC:\Users\arvid\.platformio\packages\framework-arduinopico\cores\rp2040 -IC:\Users\arvid\.platformio\packages\framework-arduinopico\cores\rp2040\api\deprecated -IC:\Users\arvid\.platformio\packages\framework-arduinopico\cores\rp2040\api\deprecated-avr-comp -IC:\Users\arvid\.platformio\packages\framework-arduinopico\tools\libpico -IC:\Users\arvid\.platformio\packages\framework-arduinopico\variants\rpipico .pio\libdeps\pico\Bounce2\src\Bounce2.cpp
arm-none-eabi-g++ -o .pio\build\pico\libfa7\Wire\Wire.cpp.o -c -std=gnu++17 -fno-exceptions -fno-rtti -Werror=return-type -march=armv6-m -mcpu=cortex-m0plus -mthumb -ffunction-sections -fdata-sections -iprefixC:\Users\arvid\.platformio\packages\framework-arduinopico @C:\Users\arvid\.platformio\packages\framework-arduinopico\lib\platform_inc.txt -DPLATFORMIO=50205 -DARDUINO_RASPBERRY_PI_PICO -DARDUINO_ARCH_RP2040 -DUSBD_MAX_POWER_MA=500 -DARDUINO=10810 -DARDUINO_ARCH_RP2040 -DF_CPU=133000000L -DBOARD_NAME=\"pico\" -DCFG_TUSB_MCU=OPT_MCU_RP2040 -DUSB_VID=0x2e8a -DUSB_PID=0x000a "-DUSB_MANUFACTURER=\"Raspberry Pi\"" -DUSB_PRODUCT=\"Pico\" -DSERIALUSB_PID=0x000a -IC:\Users\arvid\.platformio\packages\framework-arduinopico\libraries\Wire\src -IC:\Users\arvid\.platformio\packages\framework-arduinopico\cores\rp2040 -IC:\Users\arvid\.platformio\packages\framework-arduinopico\cores\rp2040\api\deprecated -IC:\Users\arvid\.platformio\packages\framework-arduinopico\cores\rp2040\api\deprecated-avr-comp -IC:\Users\arvid\.platformio\packages\framework-arduinopico\tools\libpico -IC:\Users\arvid\.platformio\packages\framework-arduinopico\variants\rpipico C:\Users\arvid\.platformio\packages\framework-arduinopico\libraries\Wire\src\Wire.cpp
arm-none-eabi-g++ -o .pio\build\pico\lib693\SPI\SPI.cpp.o -c -std=gnu++17 -fno-exceptions -fno-rtti -Werror=return-type -march=armv6-m -mcpu=cortex-m0plus -mthumb -ffunction-sections -fdata-sections -iprefixC:\Users\arvid\.platformio\packages\framework-arduinopico @C:\Users\arvid\.platformio\packages\framework-arduinopico\lib\platform_inc.txt -DPLATFORMIO=50205 -DARDUINO_RASPBERRY_PI_PICO -DARDUINO_ARCH_RP2040 -DUSBD_MAX_POWER_MA=500 -DARDUINO=10810 -DARDUINO_ARCH_RP2040 -DF_CPU=133000000L -DBOARD_NAME=\"pico\" -DCFG_TUSB_MCU=OPT_MCU_RP2040 -DUSB_VID=0x2e8a -DUSB_PID=0x000a "-DUSB_MANUFACTURER=\"Raspberry Pi\"" -DUSB_PRODUCT=\"Pico\" -DSERIALUSB_PID=0x000a -IC:\Users\arvid\.platformio\packages\framework-arduinopico\libraries\SPI -IC:\Users\arvid\.platformio\packages\framework-arduinopico\cores\rp2040 -IC:\Users\arvid\.platformio\packages\framework-arduinopico\cores\rp2040\api\deprecated -IC:\Users\arvid\.platformio\packages\framework-arduinopico\cores\rp2040\api\deprecated-avr-comp -IC:\Users\arvid\.platformio\packages\framework-arduinopico\tools\libpico -IC:\Users\arvid\.platformio\packages\framework-arduinopico\variants\rpipico C:\Users\arvid\.platformio\packages\framework-arduinopico\libraries\SPI\SPI.cpp
arm-none-eabi-g++ -o ".pio\build\pico\libf8f\Adafruit BusIO\Adafruit_BusIO_Register.cpp.o" -c -std=gnu++17 -fno-exceptions -fno-rtti -Werror=return-type -march=armv6-m -mcpu=cortex-m0plus -mthumb -ffunction-sections -fdata-sections -iprefixC:\Users\arvid\.platformio\packages\framework-arduinopico @C:\Users\arvid\.platformio\packages\framework-arduinopico\lib\platform_inc.txt -DPLATFORMIO=50205 -DARDUINO_RASPBERRY_PI_PICO -DARDUINO_ARCH_RP2040 -DUSBD_MAX_POWER_MA=500 -DARDUINO=10810 -DARDUINO_ARCH_RP2040 -DF_CPU=133000000L -DBOARD_NAME=\"pico\" -DCFG_TUSB_MCU=OPT_MCU_RP2040 -DUSB_VID=0x2e8a -DUSB_PID=0x000a "-DUSB_MANUFACTURER=\"Raspberry Pi\"" -DUSB_PRODUCT=\"Pico\" -DSERIALUSB_PID=0x000a "-I.pio\libdeps\pico\Adafruit BusIO" -IC:\Users\arvid\.platformio\packages\framework-arduinopico\libraries\SPI -IC:\Users\arvid\.platformio\packages\framework-arduinopico\libraries\Wire\src -IC:\Users\arvid\.platformio\packages\framework-arduinopico\cores\rp2040 -IC:\Users\arvid\.platformio\packages\framework-arduinopico\cores\rp2040\api\deprecated -IC:\Users\arvid\.platformio\packages\framework-arduinopico\cores\rp2040\api\deprecated-avr-comp -IC:\Users\arvid\.platformio\packages\framework-arduinopico\tools\libpico -IC:\Users\arvid\.platformio\packages\framework-arduinopico\variants\rpipico ".pio\libdeps\pico\Adafruit BusIO\Adafruit_BusIO_Register.cpp"
arm-none-eabi-g++ -o ".pio\build\pico\libf8f\Adafruit BusIO\Adafruit_I2CDevice.cpp.o" -c -std=gnu++17 -fno-exceptions -fno-rtti -Werror=return-type -march=armv6-m -mcpu=cortex-m0plus -mthumb -ffunction-sections -fdata-sections -iprefixC:\Users\arvid\.platformio\packages\framework-arduinopico @C:\Users\arvid\.platformio\packages\framework-arduinopico\lib\platform_inc.txt -DPLATFORMIO=50205 -DARDUINO_RASPBERRY_PI_PICO -DARDUINO_ARCH_RP2040 -DUSBD_MAX_POWER_MA=500 -DARDUINO=10810 -DARDUINO_ARCH_RP2040 -DF_CPU=133000000L -DBOARD_NAME=\"pico\" -DCFG_TUSB_MCU=OPT_MCU_RP2040 -DUSB_VID=0x2e8a -DUSB_PID=0x000a "-DUSB_MANUFACTURER=\"Raspberry Pi\"" -DUSB_PRODUCT=\"Pico\" -DSERIALUSB_PID=0x000a "-I.pio\libdeps\pico\Adafruit BusIO" -IC:\Users\arvid\.platformio\packages\framework-arduinopico\libraries\SPI -IC:\Users\arvid\.platformio\packages\framework-arduinopico\libraries\Wire\src -IC:\Users\arvid\.platformio\packages\framework-arduinopico\cores\rp2040 -IC:\Users\arvid\.platformio\packages\framework-arduinopico\cores\rp2040\api\deprecated -IC:\Users\arvid\.platformio\packages\framework-arduinopico\cores\rp2040\api\deprecated-avr-comp -IC:\Users\arvid\.platformio\packages\framework-arduinopico\tools\libpico -IC:\Users\arvid\.platformio\packages\framework-arduinopico\variants\rpipico ".pio\libdeps\pico\Adafruit BusIO\Adafruit_I2CDevice.cpp"
arm-none-eabi-g++ -o ".pio\build\pico\libf8f\Adafruit BusIO\Adafruit_SPIDevice.cpp.o" -c -std=gnu++17 -fno-exceptions -fno-rtti -Werror=return-type -march=armv6-m -mcpu=cortex-m0plus -mthumb -ffunction-sections -fdata-sections -iprefixC:\Users\arvid\.platformio\packages\framework-arduinopico @C:\Users\arvid\.platformio\packages\framework-arduinopico\lib\platform_inc.txt -DPLATFORMIO=50205 -DARDUINO_RASPBERRY_PI_PICO -DARDUINO_ARCH_RP2040 -DUSBD_MAX_POWER_MA=500 -DARDUINO=10810 -DARDUINO_ARCH_RP2040 -DF_CPU=133000000L -DBOARD_NAME=\"pico\" -DCFG_TUSB_MCU=OPT_MCU_RP2040 -DUSB_VID=0x2e8a -DUSB_PID=0x000a "-DUSB_MANUFACTURER=\"Raspberry Pi\"" -DUSB_PRODUCT=\"Pico\" -DSERIALUSB_PID=0x000a "-I.pio\libdeps\pico\Adafruit BusIO" -IC:\Users\arvid\.platformio\packages\framework-arduinopico\libraries\SPI -IC:\Users\arvid\.platformio\packages\framework-arduinopico\libraries\Wire\src -IC:\Users\arvid\.platformio\packages\framework-arduinopico\cores\rp2040 -IC:\Users\arvid\.platformio\packages\framework-arduinopico\cores\rp2040\api\deprecated -IC:\Users\arvid\.platformio\packages\framework-arduinopico\cores\rp2040\api\deprecated-avr-comp -IC:\Users\arvid\.platformio\packages\framework-arduinopico\tools\libpico -IC:\Users\arvid\.platformio\packages\framework-arduinopico\variants\rpipico ".pio\libdeps\pico\Adafruit BusIO\Adafruit_SPIDevice.cpp"
arm-none-eabi-g++ -o ".pio\build\pico\lib4c5\Adafruit seesaw Library\Adafruit_Crickit.cpp.o" -c -std=gnu++17 -fno-exceptions -fno-rtti -Werror=return-type -march=armv6-m -mcpu=cortex-m0plus -mthumb -ffunction-sections -fdata-sections -iprefixC:\Users\arvid\.platformio\packages\framework-arduinopico @C:\Users\arvid\.platformio\packages\framework-arduinopico\lib\platform_inc.txt -DPLATFORMIO=50205 -DARDUINO_RASPBERRY_PI_PICO -DARDUINO_ARCH_RP2040 -DUSBD_MAX_POWER_MA=500 -DARDUINO=10810 -DARDUINO_ARCH_RP2040 -DF_CPU=133000000L -DBOARD_NAME=\"pico\" -DCFG_TUSB_MCU=OPT_MCU_RP2040 -DUSB_VID=0x2e8a -DUSB_PID=0x000a "-DUSB_MANUFACTURER=\"Raspberry Pi\"" -DUSB_PRODUCT=\"Pico\" -DSERIALUSB_PID=0x000a "-I.pio\libdeps\pico\Adafruit seesaw Library" "-I.pio\libdeps\pico\Adafruit BusIO" -IC:\Users\arvid\.platformio\packages\framework-arduinopico\libraries\SPI -IC:\Users\arvid\.platformio\packages\framework-arduinopico\libraries\Wire\src -IC:\Users\arvid\.platformio\packages\framework-arduinopico\cores\rp2040 -IC:\Users\arvid\.platformio\packages\framework-arduinopico\cores\rp2040\api\deprecated -IC:\Users\arvid\.platformio\packages\framework-arduinopico\cores\rp2040\api\deprecated-avr-comp -IC:\Users\arvid\.platformio\packages\framework-arduinopico\tools\libpico -IC:\Users\arvid\.platformio\packages\framework-arduinopico\variants\rpipico ".pio\libdeps\pico\Adafruit seesaw Library\Adafruit_Crickit.cpp"
arm-none-eabi-g++ -o ".pio\build\pico\lib4c5\Adafruit seesaw Library\Adafruit_NeoKey_1x4.cpp.o" -c -std=gnu++17 -fno-exceptions -fno-rtti -Werror=return-type -march=armv6-m -mcpu=cortex-m0plus -mthumb -ffunction-sections -fdata-sections -iprefixC:\Users\arvid\.platformio\packages\framework-arduinopico @C:\Users\arvid\.platformio\packages\framework-arduinopico\lib\platform_inc.txt -DPLATFORMIO=50205 -DARDUINO_RASPBERRY_PI_PICO -DARDUINO_ARCH_RP2040 -DUSBD_MAX_POWER_MA=500 -DARDUINO=10810 -DARDUINO_ARCH_RP2040 -DF_CPU=133000000L -DBOARD_NAME=\"pico\" -DCFG_TUSB_MCU=OPT_MCU_RP2040 -DUSB_VID=0x2e8a -DUSB_PID=0x000a "-DUSB_MANUFACTURER=\"Raspberry Pi\"" -DUSB_PRODUCT=\"Pico\" -DSERIALUSB_PID=0x000a "-I.pio\libdeps\pico\Adafruit seesaw Library" "-I.pio\libdeps\pico\Adafruit BusIO" -IC:\Users\arvid\.platformio\packages\framework-arduinopico\libraries\SPI -IC:\Users\arvid\.platformio\packages\framework-arduinopico\libraries\Wire\src -IC:\Users\arvid\.platformio\packages\framework-arduinopico\cores\rp2040 -IC:\Users\arvid\.platformio\packages\framework-arduinopico\cores\rp2040\api\deprecated -IC:\Users\arvid\.platformio\packages\framework-arduinopico\cores\rp2040\api\deprecated-avr-comp -IC:\Users\arvid\.platformio\packages\framework-arduinopico\tools\libpico -IC:\Users\arvid\.platformio\packages\framework-arduinopico\variants\rpipico ".pio\libdeps\pico\Adafruit seesaw Library\Adafruit_NeoKey_1x4.cpp"
arm-none-eabi-ar rc .pio\build\pico\libfa7\libWire.a .pio\build\pico\libfa7\Wire\Wire.cpp.o
arm-none-eabi-ar rc .pio\build\pico\libf72\libBounce2.a .pio\build\pico\libf72\Bounce2\Bounce2.cpp.o
arm-none-eabi-g++ -o ".pio\build\pico\lib4c5\Adafruit seesaw Library\Adafruit_NeoTrellis.cpp.o" -c -std=gnu++17 -fno-exceptions -fno-rtti -Werror=return-type -march=armv6-m -mcpu=cortex-m0plus -mthumb -ffunction-sections -fdata-sections -iprefixC:\Users\arvid\.platformio\packages\framework-arduinopico @C:\Users\arvid\.platformio\packages\framework-arduinopico\lib\platform_inc.txt -DPLATFORMIO=50205 -DARDUINO_RASPBERRY_PI_PICO -DARDUINO_ARCH_RP2040 -DUSBD_MAX_POWER_MA=500 -DARDUINO=10810 -DARDUINO_ARCH_RP2040 -DF_CPU=133000000L -DBOARD_NAME=\"pico\" -DCFG_TUSB_MCU=OPT_MCU_RP2040 -DUSB_VID=0x2e8a -DUSB_PID=0x000a "-DUSB_MANUFACTURER=\"Raspberry Pi\"" -DUSB_PRODUCT=\"Pico\" -DSERIALUSB_PID=0x000a "-I.pio\libdeps\pico\Adafruit seesaw Library" "-I.pio\libdeps\pico\Adafruit BusIO" -IC:\Users\arvid\.platformio\packages\framework-arduinopico\libraries\SPI -IC:\Users\arvid\.platformio\packages\framework-arduinopico\libraries\Wire\src -IC:\Users\arvid\.platformio\packages\framework-arduinopico\cores\rp2040 -IC:\Users\arvid\.platformio\packages\framework-arduinopico\cores\rp2040\api\deprecated -IC:\Users\arvid\.platformio\packages\framework-arduinopico\cores\rp2040\api\deprecated-avr-comp -IC:\Users\arvid\.platformio\packages\framework-arduinopico\tools\libpico -IC:\Users\arvid\.platformio\packages\framework-arduinopico\variants\rpipico ".pio\libdeps\pico\Adafruit seesaw Library\Adafruit_NeoTrellis.cpp"
arm-none-eabi-ar rc .pio\build\pico\lib693\libSPI.a .pio\build\pico\lib693\SPI\SPI.cpp.o
arm-none-eabi-g++ -o ".pio\build\pico\lib4c5\Adafruit seesaw Library\Adafruit_TFTShield18.cpp.o" -c -std=gnu++17 -fno-exceptions -fno-rtti -Werror=return-type -march=armv6-m -mcpu=cortex-m0plus -mthumb -ffunction-sections -fdata-sections -iprefixC:\Users\arvid\.platformio\packages\framework-arduinopico @C:\Users\arvid\.platformio\packages\framework-arduinopico\lib\platform_inc.txt -DPLATFORMIO=50205 -DARDUINO_RASPBERRY_PI_PICO -DARDUINO_ARCH_RP2040 -DUSBD_MAX_POWER_MA=500 -DARDUINO=10810 -DARDUINO_ARCH_RP2040 -DF_CPU=133000000L -DBOARD_NAME=\"pico\" -DCFG_TUSB_MCU=OPT_MCU_RP2040 -DUSB_VID=0x2e8a -DUSB_PID=0x000a "-DUSB_MANUFACTURER=\"Raspberry Pi\"" -DUSB_PRODUCT=\"Pico\" -DSERIALUSB_PID=0x000a "-I.pio\libdeps\pico\Adafruit seesaw Library" "-I.pio\libdeps\pico\Adafruit BusIO" -IC:\Users\arvid\.platformio\packages\framework-arduinopico\libraries\SPI -IC:\Users\arvid\.platformio\packages\framework-arduinopico\libraries\Wire\src -IC:\Users\arvid\.platformio\packages\framework-arduinopico\cores\rp2040 -IC:\Users\arvid\.platformio\packages\framework-arduinopico\cores\rp2040\api\deprecated -IC:\Users\arvid\.platformio\packages\framework-arduinopico\cores\rp2040\api\deprecated-avr-comp -IC:\Users\arvid\.platformio\packages\framework-arduinopico\tools\libpico -IC:\Users\arvid\.platformio\packages\framework-arduinopico\variants\rpipico ".pio\libdeps\pico\Adafruit seesaw Library\Adafruit_TFTShield18.cpp"
arm-none-eabi-g++ -o ".pio\build\pico\lib4c5\Adafruit seesaw Library\Adafruit_miniTFTWing.cpp.o" -c -std=gnu++17 -fno-exceptions -fno-rtti -Werror=return-type -march=armv6-m -mcpu=cortex-m0plus -mthumb -ffunction-sections -fdata-sections -iprefixC:\Users\arvid\.platformio\packages\framework-arduinopico @C:\Users\arvid\.platformio\packages\framework-arduinopico\lib\platform_inc.txt -DPLATFORMIO=50205 -DARDUINO_RASPBERRY_PI_PICO -DARDUINO_ARCH_RP2040 -DUSBD_MAX_POWER_MA=500 -DARDUINO=10810 -DARDUINO_ARCH_RP2040 -DF_CPU=133000000L -DBOARD_NAME=\"pico\" -DCFG_TUSB_MCU=OPT_MCU_RP2040 -DUSB_VID=0x2e8a -DUSB_PID=0x000a "-DUSB_MANUFACTURER=\"Raspberry Pi\"" -DUSB_PRODUCT=\"Pico\" -DSERIALUSB_PID=0x000a "-I.pio\libdeps\pico\Adafruit seesaw Library" "-I.pio\libdeps\pico\Adafruit BusIO" -IC:\Users\arvid\.platformio\packages\framework-arduinopico\libraries\SPI -IC:\Users\arvid\.platformio\packages\framework-arduinopico\libraries\Wire\src -IC:\Users\arvid\.platformio\packages\framework-arduinopico\cores\rp2040 -IC:\Users\arvid\.platformio\packages\framework-arduinopico\cores\rp2040\api\deprecated -IC:\Users\arvid\.platformio\packages\framework-arduinopico\cores\rp2040\api\deprecated-avr-comp -IC:\Users\arvid\.platformio\packages\framework-arduinopico\tools\libpico -IC:\Users\arvid\.platformio\packages\framework-arduinopico\variants\rpipico ".pio\libdeps\pico\Adafruit seesaw Library\Adafruit_miniTFTWing.cpp"
arm-none-eabi-ar rc ".pio\build\pico\libf8f\libAdafruit BusIO.a" ".pio\build\pico\libf8f\Adafruit BusIO\Adafruit_BusIO_Register.cpp.o" ".pio\build\pico\libf8f\Adafruit BusIO\Adafruit_I2CDevice.cpp.o" ".pio\build\pico\libf8f\Adafruit BusIO\Adafruit_SPIDevice.cpp.o"
arm-none-eabi-g++ -o ".pio\build\pico\lib4c5\Adafruit seesaw Library\Adafruit_seesaw.cpp.o" -c -std=gnu++17 -fno-exceptions -fno-rtti -Werror=return-type -march=armv6-m -mcpu=cortex-m0plus -mthumb -ffunction-sections -fdata-sections -iprefixC:\Users\arvid\.platformio\packages\framework-arduinopico @C:\Users\arvid\.platformio\packages\framework-arduinopico\lib\platform_inc.txt -DPLATFORMIO=50205 -DARDUINO_RASPBERRY_PI_PICO -DARDUINO_ARCH_RP2040 -DUSBD_MAX_POWER_MA=500 -DARDUINO=10810 -DARDUINO_ARCH_RP2040 -DF_CPU=133000000L -DBOARD_NAME=\"pico\" -DCFG_TUSB_MCU=OPT_MCU_RP2040 -DUSB_VID=0x2e8a -DUSB_PID=0x000a "-DUSB_MANUFACTURER=\"Raspberry Pi\"" -DUSB_PRODUCT=\"Pico\" -DSERIALUSB_PID=0x000a "-I.pio\libdeps\pico\Adafruit seesaw Library" "-I.pio\libdeps\pico\Adafruit BusIO" -IC:\Users\arvid\.platformio\packages\framework-arduinopico\libraries\SPI -IC:\Users\arvid\.platformio\packages\framework-arduinopico\libraries\Wire\src -IC:\Users\arvid\.platformio\packages\framework-arduinopico\cores\rp2040 -IC:\Users\arvid\.platformio\packages\framework-arduinopico\cores\rp2040\api\deprecated -IC:\Users\arvid\.platformio\packages\framework-arduinopico\cores\rp2040\api\deprecated-avr-comp -IC:\Users\arvid\.platformio\packages\framework-arduinopico\tools\libpico -IC:\Users\arvid\.platformio\packages\framework-arduinopico\variants\rpipico ".pio\libdeps\pico\Adafruit seesaw Library\Adafruit_seesaw.cpp"
arm-none-eabi-g++ -o ".pio\build\pico\lib4c5\Adafruit seesaw Library\seesaw_neopixel.cpp.o" -c -std=gnu++17 -fno-exceptions -fno-rtti -Werror=return-type -march=armv6-m -mcpu=cortex-m0plus -mthumb -ffunction-sections -fdata-sections -iprefixC:\Users\arvid\.platformio\packages\framework-arduinopico @C:\Users\arvid\.platformio\packages\framework-arduinopico\lib\platform_inc.txt -DPLATFORMIO=50205 -DARDUINO_RASPBERRY_PI_PICO -DARDUINO_ARCH_RP2040 -DUSBD_MAX_POWER_MA=500 -DARDUINO=10810 -DARDUINO_ARCH_RP2040 -DF_CPU=133000000L -DBOARD_NAME=\"pico\" -DCFG_TUSB_MCU=OPT_MCU_RP2040 -DUSB_VID=0x2e8a -DUSB_PID=0x000a "-DUSB_MANUFACTURER=\"Raspberry Pi\"" -DUSB_PRODUCT=\"Pico\" -DSERIALUSB_PID=0x000a "-I.pio\libdeps\pico\Adafruit seesaw Library" "-I.pio\libdeps\pico\Adafruit BusIO" -IC:\Users\arvid\.platformio\packages\framework-arduinopico\libraries\SPI -IC:\Users\arvid\.platformio\packages\framework-arduinopico\libraries\Wire\src -IC:\Users\arvid\.platformio\packages\framework-arduinopico\cores\rp2040 -IC:\Users\arvid\.platformio\packages\framework-arduinopico\cores\rp2040\api\deprecated -IC:\Users\arvid\.platformio\packages\framework-arduinopico\cores\rp2040\api\deprecated-avr-comp -IC:\Users\arvid\.platformio\packages\framework-arduinopico\tools\libpico -IC:\Users\arvid\.platformio\packages\framework-arduinopico\variants\rpipico ".pio\libdeps\pico\Adafruit seesaw Library\seesaw_neopixel.cpp"
arm-none-eabi-g++ -o ".pio\build\pico\lib4c5\Adafruit seesaw Library\seesaw_servo.cpp.o" -c -std=gnu++17 -fno-exceptions -fno-rtti -Werror=return-type -march=armv6-m -mcpu=cortex-m0plus -mthumb -ffunction-sections -fdata-sections -iprefixC:\Users\arvid\.platformio\packages\framework-arduinopico @C:\Users\arvid\.platformio\packages\framework-arduinopico\lib\platform_inc.txt -DPLATFORMIO=50205 -DARDUINO_RASPBERRY_PI_PICO -DARDUINO_ARCH_RP2040 -DUSBD_MAX_POWER_MA=500 -DARDUINO=10810 -DARDUINO_ARCH_RP2040 -DF_CPU=133000000L -DBOARD_NAME=\"pico\" -DCFG_TUSB_MCU=OPT_MCU_RP2040 -DUSB_VID=0x2e8a -DUSB_PID=0x000a "-DUSB_MANUFACTURER=\"Raspberry Pi\"" -DUSB_PRODUCT=\"Pico\" -DSERIALUSB_PID=0x000a "-I.pio\libdeps\pico\Adafruit seesaw Library" "-I.pio\libdeps\pico\Adafruit BusIO" -IC:\Users\arvid\.platformio\packages\framework-arduinopico\libraries\SPI -IC:\Users\arvid\.platformio\packages\framework-arduinopico\libraries\Wire\src -IC:\Users\arvid\.platformio\packages\framework-arduinopico\cores\rp2040 -IC:\Users\arvid\.platformio\packages\framework-arduinopico\cores\rp2040\api\deprecated -IC:\Users\arvid\.platformio\packages\framework-arduinopico\cores\rp2040\api\deprecated-avr-comp -IC:\Users\arvid\.platformio\packages\framework-arduinopico\tools\libpico -IC:\Users\arvid\.platformio\packages\framework-arduinopico\variants\rpipico ".pio\libdeps\pico\Adafruit seesaw Library\seesaw_servo.cpp"
arm-none-eabi-g++ -o ".pio\build\pico\lib4c5\Adafruit seesaw Library\seesaw_spectrum.cpp.o" -c -std=gnu++17 -fno-exceptions -fno-rtti -Werror=return-type -march=armv6-m -mcpu=cortex-m0plus -mthumb -ffunction-sections -fdata-sections -iprefixC:\Users\arvid\.platformio\packages\framework-arduinopico @C:\Users\arvid\.platformio\packages\framework-arduinopico\lib\platform_inc.txt -DPLATFORMIO=50205 -DARDUINO_RASPBERRY_PI_PICO -DARDUINO_ARCH_RP2040 -DUSBD_MAX_POWER_MA=500 -DARDUINO=10810 -DARDUINO_ARCH_RP2040 -DF_CPU=133000000L -DBOARD_NAME=\"pico\" -DCFG_TUSB_MCU=OPT_MCU_RP2040 -DUSB_VID=0x2e8a -DUSB_PID=0x000a "-DUSB_MANUFACTURER=\"Raspberry Pi\"" -DUSB_PRODUCT=\"Pico\" -DSERIALUSB_PID=0x000a "-I.pio\libdeps\pico\Adafruit seesaw Library" "-I.pio\libdeps\pico\Adafruit BusIO" -IC:\Users\arvid\.platformio\packages\framework-arduinopico\libraries\SPI -IC:\Users\arvid\.platformio\packages\framework-arduinopico\libraries\Wire\src -IC:\Users\arvid\.platformio\packages\framework-arduinopico\cores\rp2040 -IC:\Users\arvid\.platformio\packages\framework-arduinopico\cores\rp2040\api\deprecated -IC:\Users\arvid\.platformio\packages\framework-arduinopico\cores\rp2040\api\deprecated-avr-comp -IC:\Users\arvid\.platformio\packages\framework-arduinopico\tools\libpico -IC:\Users\arvid\.platformio\packages\framework-arduinopico\variants\rpipico ".pio\libdeps\pico\Adafruit seesaw Library\seesaw_spectrum.cpp"
arm-none-eabi-ar rc .pio\build\pico\libFrameworkArduinoVariant.a
arm-none-eabi-g++ -o .pio\build\pico\FrameworkArduino\Bootsel.cpp.o -c -std=gnu++17 -fno-exceptions -fno-rtti -Werror=return-type -march=armv6-m -mcpu=cortex-m0plus -mthumb -ffunction-sections -fdata-sections -iprefixC:\Users\arvid\.platformio\packages\framework-arduinopico @C:\Users\arvid\.platformio\packages\framework-arduinopico\lib\platform_inc.txt -DPLATFORMIO=50205 -DARDUINO_RASPBERRY_PI_PICO -DARDUINO_ARCH_RP2040 -DUSBD_MAX_POWER_MA=500 -DARDUINO=10810 -DARDUINO_ARCH_RP2040 -DF_CPU=133000000L -DBOARD_NAME=\"pico\" -DCFG_TUSB_MCU=OPT_MCU_RP2040 -DUSB_VID=0x2e8a -DUSB_PID=0x000a "-DUSB_MANUFACTURER=\"Raspberry Pi\"" -DUSB_PRODUCT=\"Pico\" -DSERIALUSB_PID=0x000a -IC:\Users\arvid\.platformio\packages\framework-arduinopico\cores\rp2040 -IC:\Users\arvid\.platformio\packages\framework-arduinopico\cores\rp2040\api\deprecated -IC:\Users\arvid\.platformio\packages\framework-arduinopico\cores\rp2040\api\deprecated-avr-comp -IC:\Users\arvid\.platformio\packages\framework-arduinopico\tools\libpico -IC:\Users\arvid\.platformio\packages\framework-arduinopico\variants\rpipico C:\Users\arvid\.platformio\packages\framework-arduinopico\cores\rp2040\Bootsel.cpp
arm-none-eabi-g++ -o .pio\build\pico\FrameworkArduino\FS.cpp.o -c -std=gnu++17 -fno-exceptions -fno-rtti -Werror=return-type -march=armv6-m -mcpu=cortex-m0plus -mthumb -ffunction-sections -fdata-sections -iprefixC:\Users\arvid\.platformio\packages\framework-arduinopico @C:\Users\arvid\.platformio\packages\framework-arduinopico\lib\platform_inc.txt -DPLATFORMIO=50205 -DARDUINO_RASPBERRY_PI_PICO -DARDUINO_ARCH_RP2040 -DUSBD_MAX_POWER_MA=500 -DARDUINO=10810 -DARDUINO_ARCH_RP2040 -DF_CPU=133000000L -DBOARD_NAME=\"pico\" -DCFG_TUSB_MCU=OPT_MCU_RP2040 -DUSB_VID=0x2e8a -DUSB_PID=0x000a "-DUSB_MANUFACTURER=\"Raspberry Pi\"" -DUSB_PRODUCT=\"Pico\" -DSERIALUSB_PID=0x000a -IC:\Users\arvid\.platformio\packages\framework-arduinopico\cores\rp2040 -IC:\Users\arvid\.platformio\packages\framework-arduinopico\cores\rp2040\api\deprecated -IC:\Users\arvid\.platformio\packages\framework-arduinopico\cores\rp2040\api\deprecated-avr-comp -IC:\Users\arvid\.platformio\packages\framework-arduinopico\tools\libpico -IC:\Users\arvid\.platformio\packages\framework-arduinopico\variants\rpipico C:\Users\arvid\.platformio\packages\framework-arduinopico\cores\rp2040\FS.cpp
arm-none-eabi-g++ -o .pio\build\pico\FrameworkArduino\RP2040USB.cpp.o -c -std=gnu++17 -fno-exceptions -fno-rtti -Werror=return-type -march=armv6-m -mcpu=cortex-m0plus -mthumb -ffunction-sections -fdata-sections -iprefixC:\Users\arvid\.platformio\packages\framework-arduinopico @C:\Users\arvid\.platformio\packages\framework-arduinopico\lib\platform_inc.txt -DPLATFORMIO=50205 -DARDUINO_RASPBERRY_PI_PICO -DARDUINO_ARCH_RP2040 -DUSBD_MAX_POWER_MA=500 -DARDUINO=10810 -DARDUINO_ARCH_RP2040 -DF_CPU=133000000L -DBOARD_NAME=\"pico\" -DCFG_TUSB_MCU=OPT_MCU_RP2040 -DUSB_VID=0x2e8a -DUSB_PID=0x000a "-DUSB_MANUFACTURER=\"Raspberry Pi\"" -DUSB_PRODUCT=\"Pico\" -DSERIALUSB_PID=0x000a -IC:\Users\arvid\.platformio\packages\framework-arduinopico\cores\rp2040 -IC:\Users\arvid\.platformio\packages\framework-arduinopico\cores\rp2040\api\deprecated -IC:\Users\arvid\.platformio\packages\framework-arduinopico\cores\rp2040\api\deprecated-avr-comp -IC:\Users\arvid\.platformio\packages\framework-arduinopico\tools\libpico -IC:\Users\arvid\.platformio\packages\framework-arduinopico\variants\rpipico C:\Users\arvid\.platformio\packages\framework-arduinopico\cores\rp2040\RP2040USB.cpp
arm-none-eabi-g++ -o .pio\build\pico\FrameworkArduino\SerialPIO.cpp.o -c -std=gnu++17 -fno-exceptions -fno-rtti -Werror=return-type -march=armv6-m -mcpu=cortex-m0plus -mthumb -ffunction-sections -fdata-sections -iprefixC:\Users\arvid\.platformio\packages\framework-arduinopico @C:\Users\arvid\.platformio\packages\framework-arduinopico\lib\platform_inc.txt -DPLATFORMIO=50205 -DARDUINO_RASPBERRY_PI_PICO -DARDUINO_ARCH_RP2040 -DUSBD_MAX_POWER_MA=500 -DARDUINO=10810 -DARDUINO_ARCH_RP2040 -DF_CPU=133000000L -DBOARD_NAME=\"pico\" -DCFG_TUSB_MCU=OPT_MCU_RP2040 -DUSB_VID=0x2e8a -DUSB_PID=0x000a "-DUSB_MANUFACTURER=\"Raspberry Pi\"" -DUSB_PRODUCT=\"Pico\" -DSERIALUSB_PID=0x000a -IC:\Users\arvid\.platformio\packages\framework-arduinopico\cores\rp2040 -IC:\Users\arvid\.platformio\packages\framework-arduinopico\cores\rp2040\api\deprecated -IC:\Users\arvid\.platformio\packages\framework-arduinopico\cores\rp2040\api\deprecated-avr-comp -IC:\Users\arvid\.platformio\packages\framework-arduinopico\tools\libpico -IC:\Users\arvid\.platformio\packages\framework-arduinopico\variants\rpipico C:\Users\arvid\.platformio\packages\framework-arduinopico\cores\rp2040\SerialPIO.cpp
arm-none-eabi-g++ -o .pio\build\pico\FrameworkArduino\SerialUART.cpp.o -c -std=gnu++17 -fno-exceptions -fno-rtti -Werror=return-type -march=armv6-m -mcpu=cortex-m0plus -mthumb -ffunction-sections -fdata-sections -iprefixC:\Users\arvid\.platformio\packages\framework-arduinopico @C:\Users\arvid\.platformio\packages\framework-arduinopico\lib\platform_inc.txt -DPLATFORMIO=50205 -DARDUINO_RASPBERRY_PI_PICO -DARDUINO_ARCH_RP2040 -DUSBD_MAX_POWER_MA=500 -DARDUINO=10810 -DARDUINO_ARCH_RP2040 -DF_CPU=133000000L -DBOARD_NAME=\"pico\" -DCFG_TUSB_MCU=OPT_MCU_RP2040 -DUSB_VID=0x2e8a -DUSB_PID=0x000a "-DUSB_MANUFACTURER=\"Raspberry Pi\"" -DUSB_PRODUCT=\"Pico\" -DSERIALUSB_PID=0x000a -IC:\Users\arvid\.platformio\packages\framework-arduinopico\cores\rp2040 -IC:\Users\arvid\.platformio\packages\framework-arduinopico\cores\rp2040\api\deprecated -IC:\Users\arvid\.platformio\packages\framework-arduinopico\cores\rp2040\api\deprecated-avr-comp -IC:\Users\arvid\.platformio\packages\framework-arduinopico\tools\libpico -IC:\Users\arvid\.platformio\packages\framework-arduinopico\variants\rpipico C:\Users\arvid\.platformio\packages\framework-arduinopico\cores\rp2040\SerialUART.cpp
arm-none-eabi-g++ -o .pio\build\pico\FrameworkArduino\SerialUSB.cpp.o -c -std=gnu++17 -fno-exceptions -fno-rtti -Werror=return-type -march=armv6-m -mcpu=cortex-m0plus -mthumb -ffunction-sections -fdata-sections -iprefixC:\Users\arvid\.platformio\packages\framework-arduinopico @C:\Users\arvid\.platformio\packages\framework-arduinopico\lib\platform_inc.txt -DPLATFORMIO=50205 -DARDUINO_RASPBERRY_PI_PICO -DARDUINO_ARCH_RP2040 -DUSBD_MAX_POWER_MA=500 -DARDUINO=10810 -DARDUINO_ARCH_RP2040 -DF_CPU=133000000L -DBOARD_NAME=\"pico\" -DCFG_TUSB_MCU=OPT_MCU_RP2040 -DUSB_VID=0x2e8a -DUSB_PID=0x000a "-DUSB_MANUFACTURER=\"Raspberry Pi\"" -DUSB_PRODUCT=\"Pico\" -DSERIALUSB_PID=0x000a -IC:\Users\arvid\.platformio\packages\framework-arduinopico\cores\rp2040 -IC:\Users\arvid\.platformio\packages\framework-arduinopico\cores\rp2040\api\deprecated -IC:\Users\arvid\.platformio\packages\framework-arduinopico\cores\rp2040\api\deprecated-avr-comp -IC:\Users\arvid\.platformio\packages\framework-arduinopico\tools\libpico -IC:\Users\arvid\.platformio\packages\framework-arduinopico\variants\rpipico C:\Users\arvid\.platformio\packages\framework-arduinopico\cores\rp2040\SerialUSB.cpp
arm-none-eabi-g++ -o .pio\build\pico\FrameworkArduino\Tone.cpp.o -c -std=gnu++17 -fno-exceptions -fno-rtti -Werror=return-type -march=armv6-m -mcpu=cortex-m0plus -mthumb -ffunction-sections -fdata-sections -iprefixC:\Users\arvid\.platformio\packages\framework-arduinopico @C:\Users\arvid\.platformio\packages\framework-arduinopico\lib\platform_inc.txt -DPLATFORMIO=50205 -DARDUINO_RASPBERRY_PI_PICO -DARDUINO_ARCH_RP2040 -DUSBD_MAX_POWER_MA=500 -DARDUINO=10810 -DARDUINO_ARCH_RP2040 -DF_CPU=133000000L -DBOARD_NAME=\"pico\" -DCFG_TUSB_MCU=OPT_MCU_RP2040 -DUSB_VID=0x2e8a -DUSB_PID=0x000a "-DUSB_MANUFACTURER=\"Raspberry Pi\"" -DUSB_PRODUCT=\"Pico\" -DSERIALUSB_PID=0x000a -IC:\Users\arvid\.platformio\packages\framework-arduinopico\cores\rp2040 -IC:\Users\arvid\.platformio\packages\framework-arduinopico\cores\rp2040\api\deprecated -IC:\Users\arvid\.platformio\packages\framework-arduinopico\cores\rp2040\api\deprecated-avr-comp -IC:\Users\arvid\.platformio\packages\framework-arduinopico\tools\libpico -IC:\Users\arvid\.platformio\packages\framework-arduinopico\variants\rpipico C:\Users\arvid\.platformio\packages\framework-arduinopico\cores\rp2040\Tone.cpp
arm-none-eabi-ar rc ".pio\build\pico\lib4c5\libAdafruit seesaw Library.a" ".pio\build\pico\lib4c5\Adafruit seesaw Library\Adafruit_Crickit.cpp.o" ".pio\build\pico\lib4c5\Adafruit seesaw Library\Adafruit_NeoKey_1x4.cpp.o" ".pio\build\pico\lib4c5\Adafruit seesaw Library\Adafruit_NeoTrellis.cpp.o" ".pio\build\pico\lib4c5\Adafruit seesaw Library\Adafruit_TFTShield18.cpp.o" ".pio\build\pico\lib4c5\Adafruit seesaw Library\Adafruit_miniTFTWing.cpp.o" ".pio\build\pico\lib4c5\Adafruit seesaw Library\Adafruit_seesaw.cpp.o" ".pio\build\pico\lib4c5\Adafruit seesaw Library\seesaw_neopixel.cpp.o" ".pio\build\pico\lib4c5\Adafruit seesaw Library\seesaw_servo.cpp.o" ".pio\build\pico\lib4c5\Adafruit seesaw Library\seesaw_spectrum.cpp.o"
arm-none-eabi-g++ -o .pio\build\pico\FrameworkArduino\WMath.cpp.o -c -std=gnu++17 -fno-exceptions -fno-rtti -Werror=return-type -march=armv6-m -mcpu=cortex-m0plus -mthumb -ffunction-sections -fdata-sections -iprefixC:\Users\arvid\.platformio\packages\framework-arduinopico @C:\Users\arvid\.platformio\packages\framework-arduinopico\lib\platform_inc.txt -DPLATFORMIO=50205 -DARDUINO_RASPBERRY_PI_PICO -DARDUINO_ARCH_RP2040 -DUSBD_MAX_POWER_MA=500 -DARDUINO=10810 -DARDUINO_ARCH_RP2040 -DF_CPU=133000000L -DBOARD_NAME=\"pico\" -DCFG_TUSB_MCU=OPT_MCU_RP2040 -DUSB_VID=0x2e8a -DUSB_PID=0x000a "-DUSB_MANUFACTURER=\"Raspberry Pi\"" -DUSB_PRODUCT=\"Pico\" -DSERIALUSB_PID=0x000a -IC:\Users\arvid\.platformio\packages\framework-arduinopico\cores\rp2040 -IC:\Users\arvid\.platformio\packages\framework-arduinopico\cores\rp2040\api\deprecated -IC:\Users\arvid\.platformio\packages\framework-arduinopico\cores\rp2040\api\deprecated-avr-comp -IC:\Users\arvid\.platformio\packages\framework-arduinopico\tools\libpico -IC:\Users\arvid\.platformio\packages\framework-arduinopico\variants\rpipico C:\Users\arvid\.platformio\packages\framework-arduinopico\cores\rp2040\WMath.cpp
arm-none-eabi-g++ -o .pio\build\pico\FrameworkArduino\api\Common.cpp.o -c -std=gnu++17 -fno-exceptions -fno-rtti -Werror=return-type -march=armv6-m -mcpu=cortex-m0plus -mthumb -ffunction-sections -fdata-sections -iprefixC:\Users\arvid\.platformio\packages\framework-arduinopico @C:\Users\arvid\.platformio\packages\framework-arduinopico\lib\platform_inc.txt -DPLATFORMIO=50205 -DARDUINO_RASPBERRY_PI_PICO -DARDUINO_ARCH_RP2040 -DUSBD_MAX_POWER_MA=500 -DARDUINO=10810 -DARDUINO_ARCH_RP2040 -DF_CPU=133000000L -DBOARD_NAME=\"pico\" -DCFG_TUSB_MCU=OPT_MCU_RP2040 -DUSB_VID=0x2e8a -DUSB_PID=0x000a "-DUSB_MANUFACTURER=\"Raspberry Pi\"" -DUSB_PRODUCT=\"Pico\" -DSERIALUSB_PID=0x000a -IC:\Users\arvid\.platformio\packages\framework-arduinopico\cores\rp2040 -IC:\Users\arvid\.platformio\packages\framework-arduinopico\cores\rp2040\api\deprecated -IC:\Users\arvid\.platformio\packages\framework-arduinopico\cores\rp2040\api\deprecated-avr-comp -IC:\Users\arvid\.platformio\packages\framework-arduinopico\tools\libpico -IC:\Users\arvid\.platformio\packages\framework-arduinopico\variants\rpipico C:\Users\arvid\.platformio\packages\framework-arduinopico\cores\rp2040\api\Common.cpp
arm-none-eabi-g++ -o .pio\build\pico\FrameworkArduino\api\IPAddress.cpp.o -c -std=gnu++17 -fno-exceptions -fno-rtti -Werror=return-type -march=armv6-m -mcpu=cortex-m0plus -mthumb -ffunction-sections -fdata-sections -iprefixC:\Users\arvid\.platformio\packages\framework-arduinopico @C:\Users\arvid\.platformio\packages\framework-arduinopico\lib\platform_inc.txt -DPLATFORMIO=50205 -DARDUINO_RASPBERRY_PI_PICO -DARDUINO_ARCH_RP2040 -DUSBD_MAX_POWER_MA=500 -DARDUINO=10810 -DARDUINO_ARCH_RP2040 -DF_CPU=133000000L -DBOARD_NAME=\"pico\" -DCFG_TUSB_MCU=OPT_MCU_RP2040 -DUSB_VID=0x2e8a -DUSB_PID=0x000a "-DUSB_MANUFACTURER=\"Raspberry Pi\"" -DUSB_PRODUCT=\"Pico\" -DSERIALUSB_PID=0x000a -IC:\Users\arvid\.platformio\packages\framework-arduinopico\cores\rp2040 -IC:\Users\arvid\.platformio\packages\framework-arduinopico\cores\rp2040\api\deprecated -IC:\Users\arvid\.platformio\packages\framework-arduinopico\cores\rp2040\api\deprecated-avr-comp -IC:\Users\arvid\.platformio\packages\framework-arduinopico\tools\libpico -IC:\Users\arvid\.platformio\packages\framework-arduinopico\variants\rpipico C:\Users\arvid\.platformio\packages\framework-arduinopico\cores\rp2040\api\IPAddress.cpp
arm-none-eabi-g++ -o .pio\build\pico\FrameworkArduino\api\PluggableUSB.cpp.o -c -std=gnu++17 -fno-exceptions -fno-rtti -Werror=return-type -march=armv6-m -mcpu=cortex-m0plus -mthumb -ffunction-sections -fdata-sections -iprefixC:\Users\arvid\.platformio\packages\framework-arduinopico @C:\Users\arvid\.platformio\packages\framework-arduinopico\lib\platform_inc.txt -DPLATFORMIO=50205 -DARDUINO_RASPBERRY_PI_PICO -DARDUINO_ARCH_RP2040 -DUSBD_MAX_POWER_MA=500 -DARDUINO=10810 -DARDUINO_ARCH_RP2040 -DF_CPU=133000000L -DBOARD_NAME=\"pico\" -DCFG_TUSB_MCU=OPT_MCU_RP2040 -DUSB_VID=0x2e8a -DUSB_PID=0x000a "-DUSB_MANUFACTURER=\"Raspberry Pi\"" -DUSB_PRODUCT=\"Pico\" -DSERIALUSB_PID=0x000a -IC:\Users\arvid\.platformio\packages\framework-arduinopico\cores\rp2040 -IC:\Users\arvid\.platformio\packages\framework-arduinopico\cores\rp2040\api\deprecated -IC:\Users\arvid\.platformio\packages\framework-arduinopico\cores\rp2040\api\deprecated-avr-comp -IC:\Users\arvid\.platformio\packages\framework-arduinopico\tools\libpico -IC:\Users\arvid\.platformio\packages\framework-arduinopico\variants\rpipico C:\Users\arvid\.platformio\packages\framework-arduinopico\cores\rp2040\api\PluggableUSB.cpp
arm-none-eabi-g++ -o .pio\build\pico\FrameworkArduino\api\Print.cpp.o -c -std=gnu++17 -fno-exceptions -fno-rtti -Werror=return-type -march=armv6-m -mcpu=cortex-m0plus -mthumb -ffunction-sections -fdata-sections -iprefixC:\Users\arvid\.platformio\packages\framework-arduinopico @C:\Users\arvid\.platformio\packages\framework-arduinopico\lib\platform_inc.txt -DPLATFORMIO=50205 -DARDUINO_RASPBERRY_PI_PICO -DARDUINO_ARCH_RP2040 -DUSBD_MAX_POWER_MA=500 -DARDUINO=10810 -DARDUINO_ARCH_RP2040 -DF_CPU=133000000L -DBOARD_NAME=\"pico\" -DCFG_TUSB_MCU=OPT_MCU_RP2040 -DUSB_VID=0x2e8a -DUSB_PID=0x000a "-DUSB_MANUFACTURER=\"Raspberry Pi\"" -DUSB_PRODUCT=\"Pico\" -DSERIALUSB_PID=0x000a -IC:\Users\arvid\.platformio\packages\framework-arduinopico\cores\rp2040 -IC:\Users\arvid\.platformio\packages\framework-arduinopico\cores\rp2040\api\deprecated -IC:\Users\arvid\.platformio\packages\framework-arduinopico\cores\rp2040\api\deprecated-avr-comp -IC:\Users\arvid\.platformio\packages\framework-arduinopico\tools\libpico -IC:\Users\arvid\.platformio\packages\framework-arduinopico\variants\rpipico C:\Users\arvid\.platformio\packages\framework-arduinopico\cores\rp2040\api\Print.cpp
arm-none-eabi-g++ -o .pio\build\pico\FrameworkArduino\api\Stream.cpp.o -c -std=gnu++17 -fno-exceptions -fno-rtti -Werror=return-type -march=armv6-m -mcpu=cortex-m0plus -mthumb -ffunction-sections -fdata-sections -iprefixC:\Users\arvid\.platformio\packages\framework-arduinopico @C:\Users\arvid\.platformio\packages\framework-arduinopico\lib\platform_inc.txt -DPLATFORMIO=50205 -DARDUINO_RASPBERRY_PI_PICO -DARDUINO_ARCH_RP2040 -DUSBD_MAX_POWER_MA=500 -DARDUINO=10810 -DARDUINO_ARCH_RP2040 -DF_CPU=133000000L -DBOARD_NAME=\"pico\" -DCFG_TUSB_MCU=OPT_MCU_RP2040 -DUSB_VID=0x2e8a -DUSB_PID=0x000a "-DUSB_MANUFACTURER=\"Raspberry Pi\"" -DUSB_PRODUCT=\"Pico\" -DSERIALUSB_PID=0x000a -IC:\Users\arvid\.platformio\packages\framework-arduinopico\cores\rp2040 -IC:\Users\arvid\.platformio\packages\framework-arduinopico\cores\rp2040\api\deprecated -IC:\Users\arvid\.platformio\packages\framework-arduinopico\cores\rp2040\api\deprecated-avr-comp -IC:\Users\arvid\.platformio\packages\framework-arduinopico\tools\libpico -IC:\Users\arvid\.platformio\packages\framework-arduinopico\variants\rpipico C:\Users\arvid\.platformio\packages\framework-arduinopico\cores\rp2040\api\Stream.cpp
arm-none-eabi-g++ -o .pio\build\pico\FrameworkArduino\api\String.cpp.o -c -std=gnu++17 -fno-exceptions -fno-rtti -Werror=return-type -march=armv6-m -mcpu=cortex-m0plus -mthumb -ffunction-sections -fdata-sections -iprefixC:\Users\arvid\.platformio\packages\framework-arduinopico @C:\Users\arvid\.platformio\packages\framework-arduinopico\lib\platform_inc.txt -DPLATFORMIO=50205 -DARDUINO_RASPBERRY_PI_PICO -DARDUINO_ARCH_RP2040 -DUSBD_MAX_POWER_MA=500 -DARDUINO=10810 -DARDUINO_ARCH_RP2040 -DF_CPU=133000000L -DBOARD_NAME=\"pico\" -DCFG_TUSB_MCU=OPT_MCU_RP2040 -DUSB_VID=0x2e8a -DUSB_PID=0x000a "-DUSB_MANUFACTURER=\"Raspberry Pi\"" -DUSB_PRODUCT=\"Pico\" -DSERIALUSB_PID=0x000a -IC:\Users\arvid\.platformio\packages\framework-arduinopico\cores\rp2040 -IC:\Users\arvid\.platformio\packages\framework-arduinopico\cores\rp2040\api\deprecated -IC:\Users\arvid\.platformio\packages\framework-arduinopico\cores\rp2040\api\deprecated-avr-comp -IC:\Users\arvid\.platformio\packages\framework-arduinopico\tools\libpico -IC:\Users\arvid\.platformio\packages\framework-arduinopico\variants\rpipico C:\Users\arvid\.platformio\packages\framework-arduinopico\cores\rp2040\api\String.cpp
arm-none-eabi-g++ -o .pio\build\pico\FrameworkArduino\delay.cpp.o -c -std=gnu++17 -fno-exceptions -fno-rtti -Werror=return-type -march=armv6-m -mcpu=cortex-m0plus -mthumb -ffunction-sections -fdata-sections -iprefixC:\Users\arvid\.platformio\packages\framework-arduinopico @C:\Users\arvid\.platformio\packages\framework-arduinopico\lib\platform_inc.txt -DPLATFORMIO=50205 -DARDUINO_RASPBERRY_PI_PICO -DARDUINO_ARCH_RP2040 -DUSBD_MAX_POWER_MA=500 -DARDUINO=10810 -DARDUINO_ARCH_RP2040 -DF_CPU=133000000L -DBOARD_NAME=\"pico\" -DCFG_TUSB_MCU=OPT_MCU_RP2040 -DUSB_VID=0x2e8a -DUSB_PID=0x000a "-DUSB_MANUFACTURER=\"Raspberry Pi\"" -DUSB_PRODUCT=\"Pico\" -DSERIALUSB_PID=0x000a -IC:\Users\arvid\.platformio\packages\framework-arduinopico\cores\rp2040 -IC:\Users\arvid\.platformio\packages\framework-arduinopico\cores\rp2040\api\deprecated -IC:\Users\arvid\.platformio\packages\framework-arduinopico\cores\rp2040\api\deprecated-avr-comp -IC:\Users\arvid\.platformio\packages\framework-arduinopico\tools\libpico -IC:\Users\arvid\.platformio\packages\framework-arduinopico\variants\rpipico C:\Users\arvid\.platformio\packages\framework-arduinopico\cores\rp2040\delay.cpp
arm-none-eabi-g++ -o .pio\build\pico\FrameworkArduino\main.cpp.o -c -std=gnu++17 -fno-exceptions -fno-rtti -Werror=return-type -march=armv6-m -mcpu=cortex-m0plus -mthumb -ffunction-sections -fdata-sections -iprefixC:\Users\arvid\.platformio\packages\framework-arduinopico @C:\Users\arvid\.platformio\packages\framework-arduinopico\lib\platform_inc.txt -DPLATFORMIO=50205 -DARDUINO_RASPBERRY_PI_PICO -DARDUINO_ARCH_RP2040 -DUSBD_MAX_POWER_MA=500 -DARDUINO=10810 -DARDUINO_ARCH_RP2040 -DF_CPU=133000000L -DBOARD_NAME=\"pico\" -DCFG_TUSB_MCU=OPT_MCU_RP2040 -DUSB_VID=0x2e8a -DUSB_PID=0x000a "-DUSB_MANUFACTURER=\"Raspberry Pi\"" -DUSB_PRODUCT=\"Pico\" -DSERIALUSB_PID=0x000a -IC:\Users\arvid\.platformio\packages\framework-arduinopico\cores\rp2040 -IC:\Users\arvid\.platformio\packages\framework-arduinopico\cores\rp2040\api\deprecated -IC:\Users\arvid\.platformio\packages\framework-arduinopico\cores\rp2040\api\deprecated-avr-comp -IC:\Users\arvid\.platformio\packages\framework-arduinopico\tools\libpico -IC:\Users\arvid\.platformio\packages\framework-arduinopico\variants\rpipico C:\Users\arvid\.platformio\packages\framework-arduinopico\cores\rp2040\main.cpp
arm-none-eabi-g++ -o .pio\build\pico\FrameworkArduino\posix.cpp.o -c -std=gnu++17 -fno-exceptions -fno-rtti -Werror=return-type -march=armv6-m -mcpu=cortex-m0plus -mthumb -ffunction-sections -fdata-sections -iprefixC:\Users\arvid\.platformio\packages\framework-arduinopico @C:\Users\arvid\.platformio\packages\framework-arduinopico\lib\platform_inc.txt -DPLATFORMIO=50205 -DARDUINO_RASPBERRY_PI_PICO -DARDUINO_ARCH_RP2040 -DUSBD_MAX_POWER_MA=500 -DARDUINO=10810 -DARDUINO_ARCH_RP2040 -DF_CPU=133000000L -DBOARD_NAME=\"pico\" -DCFG_TUSB_MCU=OPT_MCU_RP2040 -DUSB_VID=0x2e8a -DUSB_PID=0x000a "-DUSB_MANUFACTURER=\"Raspberry Pi\"" -DUSB_PRODUCT=\"Pico\" -DSERIALUSB_PID=0x000a -IC:\Users\arvid\.platformio\packages\framework-arduinopico\cores\rp2040 -IC:\Users\arvid\.platformio\packages\framework-arduinopico\cores\rp2040\api\deprecated -IC:\Users\arvid\.platformio\packages\framework-arduinopico\cores\rp2040\api\deprecated-avr-comp -IC:\Users\arvid\.platformio\packages\framework-arduinopico\tools\libpico -IC:\Users\arvid\.platformio\packages\framework-arduinopico\variants\rpipico C:\Users\arvid\.platformio\packages\framework-arduinopico\cores\rp2040\posix.cpp
arm-none-eabi-g++ -o .pio\build\pico\FrameworkArduino\stdlib_noniso.cpp.o -c -std=gnu++17 -fno-exceptions -fno-rtti -Werror=return-type -march=armv6-m -mcpu=cortex-m0plus -mthumb -ffunction-sections -fdata-sections -iprefixC:\Users\arvid\.platformio\packages\framework-arduinopico @C:\Users\arvid\.platformio\packages\framework-arduinopico\lib\platform_inc.txt -DPLATFORMIO=50205 -DARDUINO_RASPBERRY_PI_PICO -DARDUINO_ARCH_RP2040 -DUSBD_MAX_POWER_MA=500 -DARDUINO=10810 -DARDUINO_ARCH_RP2040 -DF_CPU=133000000L -DBOARD_NAME=\"pico\" -DCFG_TUSB_MCU=OPT_MCU_RP2040 -DUSB_VID=0x2e8a -DUSB_PID=0x000a "-DUSB_MANUFACTURER=\"Raspberry Pi\"" -DUSB_PRODUCT=\"Pico\" -DSERIALUSB_PID=0x000a -IC:\Users\arvid\.platformio\packages\framework-arduinopico\cores\rp2040 -IC:\Users\arvid\.platformio\packages\framework-arduinopico\cores\rp2040\api\deprecated -IC:\Users\arvid\.platformio\packages\framework-arduinopico\cores\rp2040\api\deprecated-avr-comp -IC:\Users\arvid\.platformio\packages\framework-arduinopico\tools\libpico -IC:\Users\arvid\.platformio\packages\framework-arduinopico\variants\rpipico C:\Users\arvid\.platformio\packages\framework-arduinopico\cores\rp2040\stdlib_noniso.cpp
arm-none-eabi-g++ -o .pio\build\pico\FrameworkArduino\wiring_analog.cpp.o -c -std=gnu++17 -fno-exceptions -fno-rtti -Werror=return-type -march=armv6-m -mcpu=cortex-m0plus -mthumb -ffunction-sections -fdata-sections -iprefixC:\Users\arvid\.platformio\packages\framework-arduinopico @C:\Users\arvid\.platformio\packages\framework-arduinopico\lib\platform_inc.txt -DPLATFORMIO=50205 -DARDUINO_RASPBERRY_PI_PICO -DARDUINO_ARCH_RP2040 -DUSBD_MAX_POWER_MA=500 -DARDUINO=10810 -DARDUINO_ARCH_RP2040 -DF_CPU=133000000L -DBOARD_NAME=\"pico\" -DCFG_TUSB_MCU=OPT_MCU_RP2040 -DUSB_VID=0x2e8a -DUSB_PID=0x000a "-DUSB_MANUFACTURER=\"Raspberry Pi\"" -DUSB_PRODUCT=\"Pico\" -DSERIALUSB_PID=0x000a -IC:\Users\arvid\.platformio\packages\framework-arduinopico\cores\rp2040 -IC:\Users\arvid\.platformio\packages\framework-arduinopico\cores\rp2040\api\deprecated -IC:\Users\arvid\.platformio\packages\framework-arduinopico\cores\rp2040\api\deprecated-avr-comp -IC:\Users\arvid\.platformio\packages\framework-arduinopico\tools\libpico -IC:\Users\arvid\.platformio\packages\framework-arduinopico\variants\rpipico C:\Users\arvid\.platformio\packages\framework-arduinopico\cores\rp2040\wiring_analog.cpp
arm-none-eabi-g++ -o .pio\build\pico\FrameworkArduino\wiring_digital.cpp.o -c -std=gnu++17 -fno-exceptions -fno-rtti -Werror=return-type -march=armv6-m -mcpu=cortex-m0plus -mthumb -ffunction-sections -fdata-sections -iprefixC:\Users\arvid\.platformio\packages\framework-arduinopico @C:\Users\arvid\.platformio\packages\framework-arduinopico\lib\platform_inc.txt -DPLATFORMIO=50205 -DARDUINO_RASPBERRY_PI_PICO -DARDUINO_ARCH_RP2040 -DUSBD_MAX_POWER_MA=500 -DARDUINO=10810 -DARDUINO_ARCH_RP2040 -DF_CPU=133000000L -DBOARD_NAME=\"pico\" -DCFG_TUSB_MCU=OPT_MCU_RP2040 -DUSB_VID=0x2e8a -DUSB_PID=0x000a "-DUSB_MANUFACTURER=\"Raspberry Pi\"" -DUSB_PRODUCT=\"Pico\" -DSERIALUSB_PID=0x000a -IC:\Users\arvid\.platformio\packages\framework-arduinopico\cores\rp2040 -IC:\Users\arvid\.platformio\packages\framework-arduinopico\cores\rp2040\api\deprecated -IC:\Users\arvid\.platformio\packages\framework-arduinopico\cores\rp2040\api\deprecated-avr-comp -IC:\Users\arvid\.platformio\packages\framework-arduinopico\tools\libpico -IC:\Users\arvid\.platformio\packages\framework-arduinopico\variants\rpipico C:\Users\arvid\.platformio\packages\framework-arduinopico\cores\rp2040\wiring_digital.cpp
arm-none-eabi-g++ -o .pio\build\pico\FrameworkArduino\wiring_private.cpp.o -c -std=gnu++17 -fno-exceptions -fno-rtti -Werror=return-type -march=armv6-m -mcpu=cortex-m0plus -mthumb -ffunction-sections -fdata-sections -iprefixC:\Users\arvid\.platformio\packages\framework-arduinopico @C:\Users\arvid\.platformio\packages\framework-arduinopico\lib\platform_inc.txt -DPLATFORMIO=50205 -DARDUINO_RASPBERRY_PI_PICO -DARDUINO_ARCH_RP2040 -DUSBD_MAX_POWER_MA=500 -DARDUINO=10810 -DARDUINO_ARCH_RP2040 -DF_CPU=133000000L -DBOARD_NAME=\"pico\" -DCFG_TUSB_MCU=OPT_MCU_RP2040 -DUSB_VID=0x2e8a -DUSB_PID=0x000a "-DUSB_MANUFACTURER=\"Raspberry Pi\"" -DUSB_PRODUCT=\"Pico\" -DSERIALUSB_PID=0x000a -IC:\Users\arvid\.platformio\packages\framework-arduinopico\cores\rp2040 -IC:\Users\arvid\.platformio\packages\framework-arduinopico\cores\rp2040\api\deprecated -IC:\Users\arvid\.platformio\packages\framework-arduinopico\cores\rp2040\api\deprecated-avr-comp -IC:\Users\arvid\.platformio\packages\framework-arduinopico\tools\libpico -IC:\Users\arvid\.platformio\packages\framework-arduinopico\variants\rpipico C:\Users\arvid\.platformio\packages\framework-arduinopico\cores\rp2040\wiring_private.cpp
arm-none-eabi-g++ -o .pio\build\pico\FrameworkArduino\wiring_pulse.cpp.o -c -std=gnu++17 -fno-exceptions -fno-rtti -Werror=return-type -march=armv6-m -mcpu=cortex-m0plus -mthumb -ffunction-sections -fdata-sections -iprefixC:\Users\arvid\.platformio\packages\framework-arduinopico @C:\Users\arvid\.platformio\packages\framework-arduinopico\lib\platform_inc.txt -DPLATFORMIO=50205 -DARDUINO_RASPBERRY_PI_PICO -DARDUINO_ARCH_RP2040 -DUSBD_MAX_POWER_MA=500 -DARDUINO=10810 -DARDUINO_ARCH_RP2040 -DF_CPU=133000000L -DBOARD_NAME=\"pico\" -DCFG_TUSB_MCU=OPT_MCU_RP2040 -DUSB_VID=0x2e8a -DUSB_PID=0x000a "-DUSB_MANUFACTURER=\"Raspberry Pi\"" -DUSB_PRODUCT=\"Pico\" -DSERIALUSB_PID=0x000a -IC:\Users\arvid\.platformio\packages\framework-arduinopico\cores\rp2040 -IC:\Users\arvid\.platformio\packages\framework-arduinopico\cores\rp2040\api\deprecated -IC:\Users\arvid\.platformio\packages\framework-arduinopico\cores\rp2040\api\deprecated-avr-comp -IC:\Users\arvid\.platformio\packages\framework-arduinopico\tools\libpico -IC:\Users\arvid\.platformio\packages\framework-arduinopico\variants\rpipico C:\Users\arvid\.platformio\packages\framework-arduinopico\cores\rp2040\wiring_pulse.cpp
arm-none-eabi-g++ -o .pio\build\pico\FrameworkArduino\wiring_shift.cpp.o -c -std=gnu++17 -fno-exceptions -fno-rtti -Werror=return-type -march=armv6-m -mcpu=cortex-m0plus -mthumb -ffunction-sections -fdata-sections -iprefixC:\Users\arvid\.platformio\packages\framework-arduinopico @C:\Users\arvid\.platformio\packages\framework-arduinopico\lib\platform_inc.txt -DPLATFORMIO=50205 -DARDUINO_RASPBERRY_PI_PICO -DARDUINO_ARCH_RP2040 -DUSBD_MAX_POWER_MA=500 -DARDUINO=10810 -DARDUINO_ARCH_RP2040 -DF_CPU=133000000L -DBOARD_NAME=\"pico\" -DCFG_TUSB_MCU=OPT_MCU_RP2040 -DUSB_VID=0x2e8a -DUSB_PID=0x000a "-DUSB_MANUFACTURER=\"Raspberry Pi\"" -DUSB_PRODUCT=\"Pico\" -DSERIALUSB_PID=0x000a -IC:\Users\arvid\.platformio\packages\framework-arduinopico\cores\rp2040 -IC:\Users\arvid\.platformio\packages\framework-arduinopico\cores\rp2040\api\deprecated -IC:\Users\arvid\.platformio\packages\framework-arduinopico\cores\rp2040\api\deprecated-avr-comp -IC:\Users\arvid\.platformio\packages\framework-arduinopico\tools\libpico -IC:\Users\arvid\.platformio\packages\framework-arduinopico\variants\rpipico C:\Users\arvid\.platformio\packages\framework-arduinopico\cores\rp2040\wiring_shift.cpp
arm-none-eabi-ar rc .pio\build\pico\libFrameworkArduino.a .pio\build\pico\FrameworkArduino\Bootsel.cpp.o .pio\build\pico\FrameworkArduino\FS.cpp.o .pio\build\pico\FrameworkArduino\RP2040USB.cpp.o .pio\build\pico\FrameworkArduino\SerialPIO.cpp.o .pio\build\pico\FrameworkArduino\SerialUART.cpp.o .pio\build\pico\FrameworkArduino\SerialUSB.cpp.o .pio\build\pico\FrameworkArduino\Tone.cpp.o .pio\build\pico\FrameworkArduino\WMath.cpp.o .pio\build\pico\FrameworkArduino\api\Common.cpp.o .pio\build\pico\FrameworkArduino\api\IPAddress.cpp.o .pio\build\pico\FrameworkArduino\api\PluggableUSB.cpp.o .pio\build\pico\FrameworkArduino\api\Print.cpp.o .pio\build\pico\FrameworkArduino\api\Stream.cpp.o .pio\build\pico\FrameworkArduino\api\String.cpp.o .pio\build\pico\FrameworkArduino\delay.cpp.o .pio\build\pico\FrameworkArduino\main.cpp.o .pio\build\pico\FrameworkArduino\posix.cpp.o .pio\build\pico\FrameworkArduino\stdlib_noniso.cpp.o .pio\build\pico\FrameworkArduino\wiring_analog.cpp.o .pio\build\pico\FrameworkArduino\wiring_digital.cpp.o .pio\build\pico\FrameworkArduino\wiring_private.cpp.o .pio\build\pico\FrameworkArduino\wiring_pulse.cpp.o .pio\build\pico\FrameworkArduino\wiring_shift.cpp.o
arm-none-eabi-gcc -o .pio\build\pico\firmware.elf -T D:\GitHub\Pico-Macropad\.pio\build\pico\memmap_default.ld -march=armv6-m -mcpu=cortex-m0plus -mthumb @C:\Users\arvid\.platformio\packages\framework-arduinopico\lib\platform_wrap.txt -u_printf_float -u_scanf_float -Wl,--check-sections -Wl,--gc-sections -Wl,--unresolved-symbols=report-all -Wl,--warn-common .pio\build\pico\FrameworkArduinoBootloader\boot2_w25q080_2_padded_checksum.S.o -L.pio\build\pico -Wl,--start-group .pio\build\pico\libf72\libBounce2.a .pio\build\pico\libfa7\libWire.a .pio\build\pico\lib693\libSPI.a ".pio\build\pico\libf8f\libAdafruit BusIO.a" ".pio\build\pico\lib4c5\libAdafruit seesaw Library.a" .pio\build\pico\libFrameworkArduinoVariant.a .pio\build\pico\libFrameworkArduino.a C:\Users\arvid\.platformio\packages\framework-arduinopico\lib\libpico.a -lm -lc -lstdc++ -lc -Wl,--end-group
c:/users/arvid/.platformio/packages/toolchain-pico/bin/../lib/gcc/arm-none-eabi/10.3.0/../../../../arm-none-eabi/bin/ld.exe: .pio\build\pico\libFrameworkArduino.a(main.cpp.o): in function `main':
main.cpp:(.text.main+0x5e): undefined reference to `setup'
c:/users/arvid/.platformio/packages/toolchain-pico/bin/../lib/gcc/arm-none-eabi/10.3.0/../../../../arm-none-eabi/bin/ld.exe: main.cpp:(.text.main+0x62): undefined reference to `loop'
collect2.exe: error: ld returned 1 exit status
*** [.pio\build\pico\firmware.elf] Error 1
========================= [FAILED] Took 10.58 seconds =========================
